// Jest Snapshot v1, https://goo.gl/fbAQLP

exports[`DisplayCheckbox component @snapshots should match with previous CalendarHeader: CalendarHeader snapshot 1`] = `
<DocumentFragment>
  <div
    class="tools"
  >
    <label
      class="MuiFormControlLabel-root WithStyles(ForwardRef(FormControlLabel))-root-1 MuiFormControlLabel-labelPlacementStart"
    >
      <span
        aria-disabled="false"
        class="MuiButtonBase-root MuiIconButton-root PrivateSwitchBase-root-2 MuiCheckbox-root MuiCheckbox-colorPrimary MuiIconButton-colorPrimary"
      >
        <span
          class="MuiIconButton-label"
        >
          <input
            class="PrivateSwitchBase-input-5"
            data-indeterminate="false"
            type="checkbox"
            value=""
          />
          <svg
            aria-hidden="true"
            class="MuiSvgIcon-root"
            focusable="false"
            viewBox="0 0 24 24"
          >
            <path
              d="M19 5v14H5V5h14m0-2H5c-1.1 0-2 .9-2 2v14c0 1.1.9 2 2 2h14c1.1 0 2-.9 2-2V5c0-1.1-.9-2-2-2z"
            />
          </svg>
        </span>
        <span
          class="MuiTouchRipple-root"
        />
      </span>
      <span
        class="MuiTypography-root MuiFormControlLabel-label MuiTypography-body1"
      >
        month
      </span>
    </label>
    <label
      class="MuiFormControlLabel-root WithStyles(ForwardRef(FormControlLabel))-root-1 MuiFormControlLabel-labelPlacementStart"
    >
      <span
        aria-disabled="false"
        class="MuiButtonBase-root MuiIconButton-root PrivateSwitchBase-root-2 MuiCheckbox-root MuiCheckbox-colorPrimary MuiIconButton-colorPrimary"
      >
        <span
          class="MuiIconButton-label"
        >
          <input
            class="PrivateSwitchBase-input-5"
            data-indeterminate="false"
            type="checkbox"
            value=""
          />
          <svg
            aria-hidden="true"
            class="MuiSvgIcon-root"
            focusable="false"
            viewBox="0 0 24 24"
          >
            <path
              d="M19 5v14H5V5h14m0-2H5c-1.1 0-2 .9-2 2v14c0 1.1.9 2 2 2h14c1.1 0 2-.9 2-2V5c0-1.1-.9-2-2-2z"
            />
          </svg>
        </span>
        <span
          class="MuiTouchRipple-root"
        />
      </span>
      <span
        class="MuiTypography-root MuiFormControlLabel-label MuiTypography-body1"
      >
        week
      </span>
    </label>
    <label
      class="MuiFormControlLabel-root WithStyles(ForwardRef(FormControlLabel))-root-1 MuiFormControlLabel-labelPlacementStart"
    >
      <span
        aria-disabled="false"
        class="MuiButtonBase-root MuiIconButton-root PrivateSwitchBase-root-2 MuiCheckbox-root MuiCheckbox-colorPrimary MuiIconButton-colorPrimary"
      >
        <span
          class="MuiIconButton-label"
        >
          <input
            class="PrivateSwitchBase-input-5"
            data-indeterminate="false"
            type="checkbox"
            value=""
          />
          <svg
            aria-hidden="true"
            class="MuiSvgIcon-root"
            focusable="false"
            viewBox="0 0 24 24"
          >
            <path
              d="M19 5v14H5V5h14m0-2H5c-1.1 0-2 .9-2 2v14c0 1.1.9 2 2 2h14c1.1 0 2-.9 2-2V5c0-1.1-.9-2-2-2z"
            />
          </svg>
        </span>
        <span
          class="MuiTouchRipple-root"
        />
      </span>
      <span
        class="MuiTypography-root MuiFormControlLabel-label MuiTypography-body1"
      >
        day
      </span>
    </label>
  </div>
  <button
    class="MuiButtonBase-root MuiButton-root MuiButton-text"
    tabindex="0"
    type="button"
  >
    <span
      class="MuiButton-label"
    >
      &lt;
    </span>
    <span
      class="MuiTouchRipple-root"
    />
  </button>
  <button
    class="MuiButtonBase-root MuiButton-root MuiButton-text"
    tabindex="0"
    type="button"
  >
    <span
      class="MuiButton-label"
    >
      Today
    </span>
    <span
      class="MuiTouchRipple-root"
    />
  </button>
  <button
    class="MuiButtonBase-root MuiButton-root MuiButton-text"
    tabindex="0"
    type="button"
  >
    <span
      class="MuiButton-label"
    >
      &gt;
    </span>
    <span
      class="MuiTouchRipple-root"
    />
  </button>
</DocumentFragment>
`;
