// Jest Snapshot v1, https://goo.gl/fbAQLP

exports[`SideModal component @snapshots should match with previous closed SideModal: SideModal snapshot closed 1`] = `
<body
  style=""
>
  <div />
</body>
`;

exports[`SideModal component @snapshots should match with previous opened SideModal: SideModal snapshot opened 1`] = `
<body
  style="padding-right: 0px; overflow: hidden;"
>
  <div
    aria-hidden="true"
  />
  <div
    role="presentation"
    style="position: fixed; z-index: 1300; right: 0px; bottom: 0px; top: 0px; left: 0px;"
  >
    <div
      aria-hidden="true"
      style="z-index: -1; position: fixed; right: 0px; bottom: 0px; top: 0px; left: 0px; background-color: rgba(0, 0, 0, 0.5);"
    />
    <div
      data-test="sentinelStart"
      tabindex="0"
    />
    <div
      class="MuiPaper-root sc-bdnxRM eCTqnF MuiPaper-elevation1 MuiPaper-rounded"
      style="webkit-transform: none; transform: none; webkit-transition: -webkit-transform 225ms cubic-bezier(0.0, 0, 0.2, 1) 0ms; transition: transform 225ms cubic-bezier(0.0, 0, 0.2, 1) 0ms;"
      tabindex="-1"
    >
      <div />
      <div />
      <button
        class="MuiButtonBase-root MuiButton-root MuiButton-contained MuiButton-containedPrimary"
        tabindex="0"
        type="button"
      >
        <span
          class="MuiButton-label"
        >
          Save
        </span>
        <span
          class="MuiTouchRipple-root"
        />
      </button>
    </div>
    <div
      data-test="sentinelEnd"
      tabindex="0"
    />
  </div>
</body>
`;
